[ 2025-10-20 16:21:50,562 ] 1025 httpx - INFO - HTTP Request: GET https://dagshub.com/api/v1/user "HTTP/1.1 200 OK"
[ 2025-10-20 16:21:50,562 ] 107 dagshub - INFO - Accessing as Rishabhmishra-tech
[ 2025-10-20 16:21:51,837 ] 1025 httpx - INFO - HTTP Request: GET https://dagshub.com/api/v1/repos/Rishabhmishra-tech/networksecurity "HTTP/1.1 200 OK"
[ 2025-10-20 16:21:52,836 ] 1025 httpx - INFO - HTTP Request: GET https://dagshub.com/api/v1/user "HTTP/1.1 200 OK"
[ 2025-10-20 16:21:52,838 ] 107 dagshub - INFO - Initialized MLflow to track repo "Rishabhmishra-tech/networksecurity"
[ 2025-10-20 16:21:52,840 ] 107 dagshub - INFO - Repository Rishabhmishra-tech/networksecurity initialized!
[ 2025-10-20 16:22:10,932 ] 42 root - INFO - Start data Ingestion
[ 2025-10-20 16:22:18,759 ] 65 root - INFO - Performed train test split on the dataframe
[ 2025-10-20 16:22:18,759 ] 67 root - INFO - Exited split_data_as_train_test method of Data_Ingestion class
[ 2025-10-20 16:22:18,774 ] 75 root - INFO - Exporting train and test file path.
[ 2025-10-20 16:22:19,038 ] 84 root - INFO - Exported train and test file path.
[ 2025-10-20 16:22:19,038 ] 45 root - INFO - Data Ingestion completed and artifact: DataIngestionArtifact(trained_file_path='Artifacts\\10_20_2025_16_21_47\\data_ingestion\\ingested\\train.csv', test_file_path='Artifacts\\10_20_2025_16_21_47\\data_ingestion\\ingested\\test.csv')
[ 2025-10-20 16:22:19,089 ] 55 root - INFO - Initiate the data Validation
[ 2025-10-20 16:22:19,218 ] 32 root - INFO - Required number of columns:2
[ 2025-10-20 16:22:19,218 ] 33 root - INFO - Data frame has columns:31
[ 2025-10-20 16:22:19,218 ] 32 root - INFO - Required number of columns:2
[ 2025-10-20 16:22:19,218 ] 33 root - INFO - Data frame has columns:31
[ 2025-10-20 16:22:19,747 ] 63 root - INFO - Entered initiate_data_transformation method of DataTransformation class
[ 2025-10-20 16:22:19,747 ] 65 root - INFO - Starting data transformation
[ 2025-10-20 16:22:19,804 ] 48 root - INFO - Entered get_data_trnasformer_object method of Trnasformation class
[ 2025-10-20 16:22:19,804 ] 53 root - INFO - Initialise KNNImputer with {'missing_values': nan, 'n_neighbors': 3, 'weights': 'uniform'}
[ 2025-10-20 16:22:19,835 ] 46 root - INFO - Entered the save_object method of MainUtils class
[ 2025-10-20 16:22:19,835 ] 50 root - INFO - Exited the save_object method of MainUtils class
[ 2025-10-20 16:22:19,835 ] 46 root - INFO - Entered the save_object method of MainUtils class
[ 2025-10-20 16:22:19,853 ] 50 root - INFO - Exited the save_object method of MainUtils class
[ 2025-10-20 16:22:44,668 ] 46 root - INFO - Entered the save_object method of MainUtils class
[ 2025-10-20 16:22:44,669 ] 50 root - INFO - Exited the save_object method of MainUtils class
[ 2025-10-20 16:22:44,669 ] 46 root - INFO - Entered the save_object method of MainUtils class
[ 2025-10-20 16:22:44,673 ] 50 root - INFO - Exited the save_object method of MainUtils class
[ 2025-10-20 16:22:44,673 ] 155 root - INFO - Model trainer artifact: ModelTrainerArtifact(trained_model_file_path='Artifacts\\10_20_2025_16_21_47\\model_trainer\\trained_model\\model.pkl', train_metric_artifact=ClassificationMetricArtifact(f1_score=0.9905841854814215, precision_score=0.9878836833602584, recall_score=0.9932994923857869), test_metric_artifact=ClassificationMetricArtifact(f1_score=0.9866017052375152, precision_score=0.9870024370430545, recall_score=0.9862012987012987))
