[ 2025-10-18 16:30:17,847 ] 1025 httpx - INFO - HTTP Request: GET https://dagshub.com/api/v1/user "HTTP/1.1 200 OK"
[ 2025-10-18 16:30:17,862 ] 107 dagshub - INFO - Accessing as Rishabhmishra-tech
[ 2025-10-18 16:30:19,292 ] 1025 httpx - INFO - HTTP Request: GET https://dagshub.com/api/v1/repos/Rishabhmishra-tech/networksecurity "HTTP/1.1 200 OK"
[ 2025-10-18 16:30:20,725 ] 1025 httpx - INFO - HTTP Request: GET https://dagshub.com/api/v1/user "HTTP/1.1 200 OK"
[ 2025-10-18 16:30:20,725 ] 107 dagshub - INFO - Initialized MLflow to track repo "Rishabhmishra-tech/networksecurity"
[ 2025-10-18 16:30:20,731 ] 107 dagshub - INFO - Repository Rishabhmishra-tech/networksecurity initialized!
[ 2025-10-18 16:30:21,587 ] 42 root - INFO - Start data Ingestion
[ 2025-10-18 16:30:47,520 ] 65 root - INFO - Performed train test split on the dataframe
[ 2025-10-18 16:30:47,520 ] 67 root - INFO - Exited split_data_as_train_test method of Data_Ingestion class
[ 2025-10-18 16:30:47,521 ] 75 root - INFO - Exporting train and test file path.
[ 2025-10-18 16:30:47,973 ] 84 root - INFO - Exported train and test file path.
[ 2025-10-18 16:30:47,976 ] 45 root - INFO - Data Ingestion completed and artifact: DataIngestionArtifact(trained_file_path='Artifacts\\10_18_2025_16_30_12\\data_ingestion\\ingested\\train.csv', test_file_path='Artifacts\\10_18_2025_16_30_12\\data_ingestion\\ingested\\test.csv')
[ 2025-10-18 16:30:48,002 ] 55 root - INFO - Initiate the data Validation
[ 2025-10-18 16:30:48,185 ] 32 root - INFO - Required number of columns:2
[ 2025-10-18 16:30:48,185 ] 33 root - INFO - Data frame has columns:31
[ 2025-10-18 16:30:48,185 ] 32 root - INFO - Required number of columns:2
[ 2025-10-18 16:30:48,185 ] 33 root - INFO - Data frame has columns:31
[ 2025-10-18 16:30:48,879 ] 63 root - INFO - Entered initiate_data_transformation method of DataTransformation class
[ 2025-10-18 16:30:48,879 ] 65 root - INFO - Starting data transformation
[ 2025-10-18 16:30:48,987 ] 48 root - INFO - Entered get_data_trnasformer_object method of Trnasformation class
[ 2025-10-18 16:30:48,987 ] 53 root - INFO - Initialise KNNImputer with {'missing_values': nan, 'n_neighbors': 3, 'weights': 'uniform'}
[ 2025-10-18 16:30:49,016 ] 46 root - INFO - Entered the save_object method of MainUtils class
[ 2025-10-18 16:30:49,023 ] 50 root - INFO - Exited the save_object method of MainUtils class
[ 2025-10-18 16:30:49,023 ] 46 root - INFO - Entered the save_object method of MainUtils class
[ 2025-10-18 16:30:49,032 ] 50 root - INFO - Exited the save_object method of MainUtils class
[ 2025-10-18 16:41:17,035 ] 46 root - INFO - Entered the save_object method of MainUtils class
[ 2025-10-18 16:41:17,036 ] 50 root - INFO - Exited the save_object method of MainUtils class
[ 2025-10-18 16:41:17,036 ] 46 root - INFO - Entered the save_object method of MainUtils class
[ 2025-10-18 16:41:17,037 ] 50 root - INFO - Exited the save_object method of MainUtils class
[ 2025-10-18 16:41:17,037 ] 153 root - INFO - Model trainer artifact: ModelTrainerArtifact(trained_model_file_path='Artifacts\\10_18_2025_16_30_12\\model_trainer\\trained_model\\model.pkl', train_metric_artifact=ClassificationMetricArtifact(f1_score=0.9906901436956081, precision_score=0.988988786746136, recall_score=0.9923973644196655), test_metric_artifact=ClassificationMetricArtifact(f1_score=0.9869918699186991, precision_score=0.9825981384055038, recall_score=0.9914250714577378))
[ 2025-10-18 16:41:17,056 ] 42 root - INFO - Start data Ingestion
[ 2025-10-18 16:41:27,685 ] 65 root - INFO - Performed train test split on the dataframe
[ 2025-10-18 16:41:27,685 ] 67 root - INFO - Exited split_data_as_train_test method of Data_Ingestion class
[ 2025-10-18 16:41:27,699 ] 75 root - INFO - Exporting train and test file path.
[ 2025-10-18 16:41:27,956 ] 84 root - INFO - Exported train and test file path.
[ 2025-10-18 16:41:27,956 ] 45 root - INFO - Data Ingestion completed and artifact: DataIngestionArtifact(trained_file_path='Artifacts\\10_18_2025_16_30_12\\data_ingestion\\ingested\\train.csv', test_file_path='Artifacts\\10_18_2025_16_30_12\\data_ingestion\\ingested\\test.csv')
[ 2025-10-18 16:41:27,982 ] 55 root - INFO - Initiate the data Validation
[ 2025-10-18 16:41:28,136 ] 32 root - INFO - Required number of columns:2
[ 2025-10-18 16:41:28,136 ] 33 root - INFO - Data frame has columns:31
[ 2025-10-18 16:41:28,136 ] 32 root - INFO - Required number of columns:2
[ 2025-10-18 16:41:28,136 ] 33 root - INFO - Data frame has columns:31
[ 2025-10-18 16:41:28,719 ] 63 root - INFO - Entered initiate_data_transformation method of DataTransformation class
[ 2025-10-18 16:41:28,719 ] 65 root - INFO - Starting data transformation
[ 2025-10-18 16:41:28,798 ] 48 root - INFO - Entered get_data_trnasformer_object method of Trnasformation class
[ 2025-10-18 16:41:28,798 ] 53 root - INFO - Initialise KNNImputer with {'missing_values': nan, 'n_neighbors': 3, 'weights': 'uniform'}
[ 2025-10-18 16:41:28,837 ] 46 root - INFO - Entered the save_object method of MainUtils class
[ 2025-10-18 16:41:28,837 ] 50 root - INFO - Exited the save_object method of MainUtils class
[ 2025-10-18 16:41:28,837 ] 46 root - INFO - Entered the save_object method of MainUtils class
[ 2025-10-18 16:41:28,858 ] 50 root - INFO - Exited the save_object method of MainUtils class
[ 2025-10-18 16:56:29,731 ] 46 root - INFO - Entered the save_object method of MainUtils class
[ 2025-10-18 16:56:29,731 ] 50 root - INFO - Exited the save_object method of MainUtils class
[ 2025-10-18 16:56:29,731 ] 46 root - INFO - Entered the save_object method of MainUtils class
[ 2025-10-18 16:56:29,781 ] 50 root - INFO - Exited the save_object method of MainUtils class
[ 2025-10-18 16:56:29,781 ] 153 root - INFO - Model trainer artifact: ModelTrainerArtifact(trained_model_file_path='Artifacts\\10_18_2025_16_30_12\\model_trainer\\trained_model\\model.pkl', train_metric_artifact=ClassificationMetricArtifact(f1_score=0.9914848591726709, precision_score=0.9880498091986343, recall_score=0.9949438770350895), test_metric_artifact=ClassificationMetricArtifact(f1_score=0.9870928088506453, precision_score=0.9808631921824105, recall_score=0.9934020618556701))
