[ 2025-10-18 19:35:24,353 ] 1025 httpx - INFO - HTTP Request: GET https://dagshub.com/api/v1/user "HTTP/1.1 200 OK"
[ 2025-10-18 19:35:24,360 ] 107 dagshub - INFO - Accessing as Rishabhmishra-tech
[ 2025-10-18 19:35:25,422 ] 1025 httpx - INFO - HTTP Request: GET https://dagshub.com/api/v1/repos/Rishabhmishra-tech/networksecurity "HTTP/1.1 200 OK"
[ 2025-10-18 19:35:26,449 ] 1025 httpx - INFO - HTTP Request: GET https://dagshub.com/api/v1/user "HTTP/1.1 200 OK"
[ 2025-10-18 19:35:26,451 ] 107 dagshub - INFO - Initialized MLflow to track repo "Rishabhmishra-tech/networksecurity"
[ 2025-10-18 19:35:26,460 ] 107 dagshub - INFO - Repository Rishabhmishra-tech/networksecurity initialized!
[ 2025-10-18 19:36:10,072 ] 42 root - INFO - Start data Ingestion
[ 2025-10-18 19:36:18,934 ] 65 root - INFO - Performed train test split on the dataframe
[ 2025-10-18 19:36:18,934 ] 67 root - INFO - Exited split_data_as_train_test method of Data_Ingestion class
[ 2025-10-18 19:36:18,934 ] 75 root - INFO - Exporting train and test file path.
[ 2025-10-18 19:36:19,106 ] 84 root - INFO - Exported train and test file path.
[ 2025-10-18 19:36:19,107 ] 45 root - INFO - Data Ingestion completed and artifact: DataIngestionArtifact(trained_file_path='Artifacts\\10_18_2025_19_35_18\\data_ingestion\\ingested\\train.csv', test_file_path='Artifacts\\10_18_2025_19_35_18\\data_ingestion\\ingested\\test.csv')
[ 2025-10-18 19:36:19,116 ] 55 root - INFO - Initiate the data Validation
[ 2025-10-18 19:36:19,202 ] 32 root - INFO - Required number of columns:2
[ 2025-10-18 19:36:19,202 ] 33 root - INFO - Data frame has columns:31
[ 2025-10-18 19:36:19,202 ] 32 root - INFO - Required number of columns:2
[ 2025-10-18 19:36:19,202 ] 33 root - INFO - Data frame has columns:31
[ 2025-10-18 19:36:19,508 ] 63 root - INFO - Entered initiate_data_transformation method of DataTransformation class
[ 2025-10-18 19:36:19,509 ] 65 root - INFO - Starting data transformation
[ 2025-10-18 19:36:19,570 ] 48 root - INFO - Entered get_data_trnasformer_object method of Trnasformation class
[ 2025-10-18 19:36:19,570 ] 53 root - INFO - Initialise KNNImputer with {'missing_values': nan, 'n_neighbors': 3, 'weights': 'uniform'}
[ 2025-10-18 19:36:19,590 ] 46 root - INFO - Entered the save_object method of MainUtils class
[ 2025-10-18 19:36:19,595 ] 50 root - INFO - Exited the save_object method of MainUtils class
[ 2025-10-18 19:36:19,595 ] 46 root - INFO - Entered the save_object method of MainUtils class
[ 2025-10-18 19:36:19,600 ] 50 root - INFO - Exited the save_object method of MainUtils class
[ 2025-10-18 19:36:46,056 ] 46 root - INFO - Entered the save_object method of MainUtils class
[ 2025-10-18 19:36:46,058 ] 50 root - INFO - Exited the save_object method of MainUtils class
[ 2025-10-18 19:36:46,058 ] 46 root - INFO - Entered the save_object method of MainUtils class
[ 2025-10-18 19:36:46,060 ] 50 root - INFO - Exited the save_object method of MainUtils class
[ 2025-10-18 19:36:46,060 ] 153 root - INFO - Model trainer artifact: ModelTrainerArtifact(trained_model_file_path='Artifacts\\10_18_2025_19_35_18\\model_trainer\\trained_model\\model.pkl', train_metric_artifact=ClassificationMetricArtifact(f1_score=0.9914902238881572, precision_score=0.9916911541189584, recall_score=0.991289375063304), test_metric_artifact=ClassificationMetricArtifact(f1_score=0.9827656955272877, precision_score=0.9843814221126181, recall_score=0.9811552642359689))
