[ 2025-10-18 12:33:43,881 ] 1025 httpx - INFO - HTTP Request: GET https://dagshub.com/api/v1/user "HTTP/1.1 200 OK"
[ 2025-10-18 12:33:43,904 ] 107 dagshub - INFO - Accessing as Rishabhmishra-tech
[ 2025-10-18 12:33:45,516 ] 1025 httpx - INFO - HTTP Request: GET https://dagshub.com/api/v1/repos/Rishabhmishra-tech/networksecurity "HTTP/1.1 200 OK"
[ 2025-10-18 12:33:46,745 ] 1025 httpx - INFO - HTTP Request: GET https://dagshub.com/api/v1/user "HTTP/1.1 200 OK"
[ 2025-10-18 12:33:46,752 ] 107 dagshub - INFO - Initialized MLflow to track repo "Rishabhmishra-tech/networksecurity"
[ 2025-10-18 12:33:46,755 ] 107 dagshub - INFO - Repository Rishabhmishra-tech/networksecurity initialized!
[ 2025-10-18 12:33:46,756 ] 20 root - INFO - Initiate the data ingestion
[ 2025-10-18 12:33:56,014 ] 65 root - INFO - Performed train test split on the dataframe
[ 2025-10-18 12:33:56,014 ] 67 root - INFO - Exited split_data_as_train_test method of Data_Ingestion class
[ 2025-10-18 12:33:56,015 ] 75 root - INFO - Exporting train and test file path.
[ 2025-10-18 12:33:56,231 ] 84 root - INFO - Exported train and test file path.
[ 2025-10-18 12:33:56,247 ] 26 root - INFO - Initiate the data Validation
[ 2025-10-18 12:33:56,357 ] 32 root - INFO - Required number of columns:2
[ 2025-10-18 12:33:56,357 ] 33 root - INFO - Data frame has columns:31
[ 2025-10-18 12:33:56,357 ] 32 root - INFO - Required number of columns:2
[ 2025-10-18 12:33:56,357 ] 33 root - INFO - Data frame has columns:31
[ 2025-10-18 12:33:56,672 ] 28 root - INFO - data Validation Completed
[ 2025-10-18 12:33:56,673 ] 33 root - INFO - data Transformation started
[ 2025-10-18 12:33:56,673 ] 63 root - INFO - Entered initiate_data_transformation method of DataTransformation class
[ 2025-10-18 12:33:56,673 ] 65 root - INFO - Starting data transformation
[ 2025-10-18 12:33:56,729 ] 48 root - INFO - Entered get_data_trnasformer_object method of Trnasformation class
[ 2025-10-18 12:33:56,729 ] 53 root - INFO - Initialise KNNImputer with {'missing_values': nan, 'n_neighbors': 3, 'weights': 'uniform'}
[ 2025-10-18 12:33:56,750 ] 46 root - INFO - Entered the save_object method of MainUtils class
[ 2025-10-18 12:33:56,755 ] 50 root - INFO - Exited the save_object method of MainUtils class
[ 2025-10-18 12:33:56,756 ] 46 root - INFO - Entered the save_object method of MainUtils class
[ 2025-10-18 12:33:56,759 ] 50 root - INFO - Exited the save_object method of MainUtils class
[ 2025-10-18 12:33:56,762 ] 37 root - INFO - data Transformation completed
[ 2025-10-18 12:33:56,762 ] 40 root - INFO - Model Training sstared
[ 2025-10-18 12:46:01,389 ] 46 root - INFO - Entered the save_object method of MainUtils class
[ 2025-10-18 12:46:01,390 ] 50 root - INFO - Exited the save_object method of MainUtils class
[ 2025-10-18 12:46:01,390 ] 46 root - INFO - Entered the save_object method of MainUtils class
[ 2025-10-18 12:46:01,442 ] 50 root - INFO - Exited the save_object method of MainUtils class
[ 2025-10-18 12:46:01,442 ] 153 root - INFO - Model trainer artifact: ModelTrainerArtifact(trained_model_file_path='Artifacts\\10_18_2025_12_33_20\\model_trainer\\trained_model\\model.pkl', train_metric_artifact=ClassificationMetricArtifact(f1_score=0.9909655276838439, precision_score=0.9882222669619488, recall_score=0.9937240611397915), test_metric_artifact=ClassificationMetricArtifact(f1_score=0.9883459415252505, precision_score=0.9841205211726385, recall_score=0.9926078028747434))
[ 2025-10-18 12:46:01,446 ] 45 root - INFO - Model Training artifact created
